        abc     deffggg 32322323        33   
fefef   fefe                    fwfewfwefwe     
f       f
ff      f
fff     f
ffff    f
fffff   f
fffff   f
ffffff  f
fffffff f
 f      f
 ff     f
 fff    f
 ffff   f
 fffff  f
 fffff  f
 ffffff f
 fffffff        f
   f    f
   ff   f
   fff  f
   ffff f
   fffff        f
   fffff        f
   ffffff       f
   fffffff      f
